******************************************************************************
                  TI ARM Linker PC v18.12.1                    
******************************************************************************
>> Linked Wed Oct 16 00:12:41 2019

OUTPUT FILE NAME:   <CAN challenge.out>
ENTRY POINT SYMBOL: "_c_int00_noargs"  address: 00001191


MEMORY CONFIGURATION

         name            origin    length      used     unused   attr    fill
----------------------  --------  ---------  --------  --------  ----  --------
  FLASH                 00000000   00040000  0000147c  0003eb84  R  X
  SRAM                  20000000   00008000  0000023a  00007dc6  RW X


SEGMENT ALLOCATION MAP

run origin  load origin   length   init length attrs members
----------  ----------- ---------- ----------- ----- -------
00000000    00000000    00001480   00001480    r-x
  00000000    00000000    0000026c   0000026c    r-- .intvecs
  0000026c    0000026c    0000108c   0000108c    r-x .text
  000012f8    000012f8    0000014c   0000014c    r-- .const
  00001448    00001448    00000038   00000038    r-- .cinit
20000000    20000000    0000023a   00000000    rw-
  20000000    20000000    00000200   00000000    rw- .stack
  20000200    20000200    0000003a   00000000    rw- .data


SECTION ALLOCATION MAP

 output                                  attributes/
section   page    origin      length       input sections
--------  ----  ----------  ----------   ----------------
.intvecs   0    00000000    0000026c     
                  00000000    0000026c     tm4c123gh6pm_startup_ccs.obj (.intvecs)

.text      0    0000026c    0000108c     
                  0000026c    0000049c     uartstdio.obj (.text)
                  00000708    0000025c     main.obj (.text)
                  00000964    00000136     driverlib.lib : can.obj (.text:CANMessageSet)
                  00000a9a    00000132                   : gpio.obj (.text:GPIOPadConfigSet)
                  00000bcc    00000110                   : sysctl.obj (.text:SysCtlClockGet)
                  00000cdc    0000010e                   : can.obj (.text:CANMessageGet)
                  00000dea    0000009c     rtsv7M4_T_le_v4SPD16_eabi.lib : memcpy_t2.asm.obj (.text)
                  00000e86    00000002                                   : div0.asm.obj (.text)
                  00000e88    0000006c     driverlib.lib : can.obj (.text:CANBitRateSet)
                  00000ef4    00000068     rtsv7M4_T_le_v4SPD16_eabi.lib : copy_decompress_lzss.c.obj (.text:decompress:lzss:__TI_decompress_lzss)
                  00000f5c    00000048     driverlib.lib : gpio.obj (.text:GPIOPinConfigure)
                  00000fa4    00000046                   : uart.obj (.text:UARTConfigSetExpClk)
                  00000fea    00000002     --HOLE-- [fill = 0]
                  00000fec    00000044     rtsv7M4_T_le_v4SPD16_eabi.lib : autoinit.c.obj (.text:__TI_auto_init_nobinit_nopinit:__TI_auto_init_nobinit_nopinit)
                  00001030    00000040     driverlib.lib : can.obj (.text:CANStatusGet)
                  00001070    00000040     rtsv7M4_T_le_v4SPD16_eabi.lib : u_divt2.asm.obj (.text)
                  000010b0    0000003a     driverlib.lib : can.obj (.text:CANInit)
                  000010ea    00000002     --HOLE-- [fill = 0]
                  000010ec    00000038                   : sysctl.obj (.text:SysCtlPeripheralPresent)
                  00001124    00000038                   : sysctl.obj (.text:SysCtlPeripheralReady)
                  0000115c    00000034                   : sysctl.obj (.text:SysCtlPeripheralEnable)
                  00001190    00000034     rtsv7M4_T_le_v4SPD16_eabi.lib : boot_cortex_m.c.obj (.text:_c_int00_noargs:_c_int00_noargs)
                  000011c4    0000002a     driverlib.lib : gpio.obj (.text:GPIODirModeSet)
                  000011ee    0000002a                   : can.obj (.text:_CANDataRegRead)
                  00001218    00000024                   : can.obj (.text:_CANDataRegWrite)
                  0000123c    00000020                   : uart.obj (.text:UARTDisable)
                  0000125c    00000018                   : gpio.obj (.text:GPIOPinTypeGPIOOutput)
                  00001274    00000014                   : uart.obj (.text:UARTEnable)
                  00001288    00000012                   : gpio.obj (.text:GPIOPinTypeCAN)
                  0000129a    00000012                   : gpio.obj (.text:GPIOPinTypeUART)
                  000012ac    0000000e     rtsv7M4_T_le_v4SPD16_eabi.lib : copy_decompress_none.c.obj (.text:decompress:none:__TI_decompress_none)
                  000012ba    0000000c     tm4c123gh6pm_startup_ccs.obj (.text)
                  000012c6    0000000a     driverlib.lib : can.obj (.text:CANEnable)
                  000012d0    0000000a                   : uart.obj (.text:UARTCharGet)
                  000012da    0000000a                   : uart.obj (.text:UARTCharPut)
                  000012e4    00000006                   : gpio.obj (.text:GPIOPinWrite)
                  000012ea    00000006                   : sysctl.obj (.text:SysCtlDelay)
                  000012f0    00000004     rtsv7M4_T_le_v4SPD16_eabi.lib : pre_init.c.obj (.text:_system_pre_init)
                  000012f4    00000004                                   : exit.c.obj (.text:abort:abort)

.const     0    000012f8    0000014c     
                  000012f8    00000090     driverlib.lib : gpio.obj (.const:g_pui32GPIOBaseAddrs)
                  00001388    0000006c                   : sysctl.obj (.const:g_pui32Xtals)
                  000013f4    00000020                   : can.obj (.const)
                  00001414    00000012     uartstdio.obj (.const:.string)
                  00001426    00000002     --HOLE-- [fill = 0]
                  00001428    0000000c     uartstdio.obj (.const:g_ui32UARTBase)
                  00001434    0000000c     uartstdio.obj (.const:g_ui32UARTPeriph)
                  00001440    00000004     uartstdio.obj (.const)

.cinit     0    00001448    00000038     
                  00001448    00000026     (.cinit..data.load) [load image, compression = lzss]
                  0000146e    00000002     --HOLE-- [fill = 0]
                  00001470    00000008     (__TI_handler_table)
                  00001478    00000008     (__TI_cinit_table)

.init_array 
*          0    00000000    00000000     UNINITIALIZED

.data      0    20000200    0000003a     UNINITIALIZED
                  20000200    00000014     main.obj (.data:sMsgObjectRx)
                  20000214    00000014     main.obj (.data:sMsgObjectTx)
                  20000228    00000005     uartstdio.obj (.data)
                  2000022d    00000004     main.obj (.data:pui8BufferIn)
                  20000231    00000004     main.obj (.data:pui8BufferOut)
                  20000235    00000004     main.obj (.data:threshold)
                  20000239    00000001     main.obj (.data)

.stack     0    20000000    00000200     UNINITIALIZED
                  20000000    00000004     rtsv7M4_T_le_v4SPD16_eabi.lib : boot_cortex_m.c.obj (.stack)
                  20000004    000001fc     --HOLE--

MODULE SUMMARY

       Module                         code   ro data   rw data
       ------                         ----   -------   -------
    .\
       uartstdio.obj                  1180   46        5      
       main.obj                       604    0         53     
       tm4c123gh6pm_startup_ccs.obj   12     620       0      
    +--+------------------------------+------+---------+---------+
       Total:                         1796   666       58     
                                                              
    C:/ti/TivaWare_C_Series-2.1.4.178/driverlib/ccs/Debug/driverlib.lib
       can.obj                        898    32        0      
       gpio.obj                       486    144       0      
       sysctl.obj                     442    108       0      
       uart.obj                       142    0         0      
    +--+------------------------------+------+---------+---------+
       Total:                         1968   284       0      
                                                              
    C:\ti\ccs901\ccs\tools\compiler\ti-cgt-arm_18.12.1.LTS\lib\rtsv7M4_T_le_v4SPD16_eabi.lib
       memcpy_t2.asm.obj              156    0         0      
       copy_decompress_lzss.c.obj     104    0         0      
       autoinit.c.obj                 68     0         0      
       u_divt2.asm.obj                64     0         0      
       boot_cortex_m.c.obj            52     0         0      
       copy_decompress_none.c.obj     14     0         0      
       exit.c.obj                     4      0         0      
       pre_init.c.obj                 4      0         0      
       div0.asm.obj                   2      0         0      
    +--+------------------------------+------+---------+---------+
       Total:                         468    0         0      
                                                              
       Stack:                         0      0         512    
       Linker Generated:              0      54        0      
    +--+------------------------------+------+---------+---------+
       Grand Total:                   4232   1004      570    


LINKER GENERATED COPY TABLES

__TI_cinit_table @ 00001478 records: 1, size/record: 8, table size: 8
	.data: load addr=00001448, load size=00000026 bytes, run addr=20000200, run size=0000003a bytes, compression=lzss


LINKER GENERATED HANDLER TABLE

__TI_handler_table @ 00001470 records: 2, size/record: 4, table size: 8
	index: 0, handler: __TI_decompress_lzss
	index: 1, handler: __TI_decompress_none


GLOBAL SYMBOLS: SORTED ALPHABETICALLY BY Name 

address   name                          
-------   ----                          
000012f5  C$$EXIT                       
00000e89  CANBitRateSet                 
000012c7  CANEnable                     
000010b1  CANInit                       
00000cdd  CANMessageGet                 
00000965  CANMessageSet                 
00001031  CANStatusGet                  
000011c5  GPIODirModeSet                
00000a9b  GPIOPadConfigSet              
00000f5d  GPIOPinConfigure              
00001289  GPIOPinTypeCAN                
0000125d  GPIOPinTypeGPIOOutput         
0000129b  GPIOPinTypeUART               
000012e5  GPIOPinWrite                  
000012bb  ResetISR                      
00000bcd  SysCtlClockGet                
000012eb  SysCtlDelay                   
0000115d  SysCtlPeripheralEnable        
000010ed  SysCtlPeripheralPresent       
00001125  SysCtlPeripheralReady         
000012d1  UARTCharGet                   
000012db  UARTCharPut                   
00000fa5  UARTConfigSetExpClk           
0000123d  UARTDisable                   
00001275  UARTEnable                    
0000026d  UARTStdioConfig               
000003b3  UARTgetc                      
000002f9  UARTgets                      
000006d3  UARTprintf                    
000003d9  UARTvprintf                   
000002b3  UARTwrite                     
20000200  __STACK_END                   
00000200  __STACK_SIZE                  
20000200  __STACK_TOP                   
00001478  __TI_CINIT_Base               
00001480  __TI_CINIT_Limit              
00001470  __TI_Handler_Table_Base       
00001478  __TI_Handler_Table_Limit      
00000fed  __TI_auto_init_nobinit_nopinit
00000ef5  __TI_decompress_lzss          
000012ad  __TI_decompress_none          
ffffffff  __TI_pprof_out_hndl           
ffffffff  __TI_prof_data_size           
ffffffff  __TI_prof_data_start          
00000000  __TI_static_base__            
00000e87  __aeabi_idiv0                 
00000e87  __aeabi_ldiv0                 
00000deb  __aeabi_memcpy                
00000deb  __aeabi_memcpy4               
00000deb  __aeabi_memcpy8               
00001071  __aeabi_uidiv                 
00001071  __aeabi_uidivmod              
ffffffff  __binit__                     
ffffffff  __c_args__                    
UNDEFED   __mpu_init                    
20000000  __stack                       
00001191  _c_int00_noargs               
UNDEFED   _system_post_cinit            
000012f1  _system_pre_init              
000012f5  abort                         
ffffffff  binit                         
20000239  faultFlags                    
00000000  g_pfnVectors                  
00000709  main                          
00000deb  memcpy                        


GLOBAL SYMBOLS: SORTED BY Symbol Address 

address   name                          
-------   ----                          
00000000  __TI_static_base__            
00000000  g_pfnVectors                  
00000200  __STACK_SIZE                  
0000026d  UARTStdioConfig               
000002b3  UARTwrite                     
000002f9  UARTgets                      
000003b3  UARTgetc                      
000003d9  UARTvprintf                   
000006d3  UARTprintf                    
00000709  main                          
00000965  CANMessageSet                 
00000a9b  GPIOPadConfigSet              
00000bcd  SysCtlClockGet                
00000cdd  CANMessageGet                 
00000deb  __aeabi_memcpy                
00000deb  __aeabi_memcpy4               
00000deb  __aeabi_memcpy8               
00000deb  memcpy                        
00000e87  __aeabi_idiv0                 
00000e87  __aeabi_ldiv0                 
00000e89  CANBitRateSet                 
00000ef5  __TI_decompress_lzss          
00000f5d  GPIOPinConfigure              
00000fa5  UARTConfigSetExpClk           
00000fed  __TI_auto_init_nobinit_nopinit
00001031  CANStatusGet                  
00001071  __aeabi_uidiv                 
00001071  __aeabi_uidivmod              
000010b1  CANInit                       
000010ed  SysCtlPeripheralPresent       
00001125  SysCtlPeripheralReady         
0000115d  SysCtlPeripheralEnable        
00001191  _c_int00_noargs               
000011c5  GPIODirModeSet                
0000123d  UARTDisable                   
0000125d  GPIOPinTypeGPIOOutput         
00001275  UARTEnable                    
00001289  GPIOPinTypeCAN                
0000129b  GPIOPinTypeUART               
000012ad  __TI_decompress_none          
000012bb  ResetISR                      
000012c7  CANEnable                     
000012d1  UARTCharGet                   
000012db  UARTCharPut                   
000012e5  GPIOPinWrite                  
000012eb  SysCtlDelay                   
000012f1  _system_pre_init              
000012f5  C$$EXIT                       
000012f5  abort                         
00001470  __TI_Handler_Table_Base       
00001478  __TI_CINIT_Base               
00001478  __TI_Handler_Table_Limit      
00001480  __TI_CINIT_Limit              
20000000  __stack                       
20000200  __STACK_END                   
20000200  __STACK_TOP                   
20000239  faultFlags                    
ffffffff  __TI_pprof_out_hndl           
ffffffff  __TI_prof_data_size           
ffffffff  __TI_prof_data_start          
ffffffff  __binit__                     
ffffffff  __c_args__                    
ffffffff  binit                         
UNDEFED   __mpu_init                    
UNDEFED   _system_post_cinit            

[65 symbols]
